PS D:\CJEF\program\jsProfVladilen>
PS D:\CJEF\program\jsProfVladilen> git init
Initialized empty Git repository in D:/CJEF/program/jsProfVladilen/.git/
PS D:\CJEF\program\jsProfVladilen> git remote add https://github.com/CJEF/jsProfVladilen.git
usage: git remote add [<options>] <name> <url>

    -f, --fetch           fetch the remote branches
    --tags                import all tags and associated objects when fetching
                          or do not fetch any tag at all (--no-tags)
    -t, --track <branch>  branch(es) to track
    -m, --master <branch>
                          master branch
    --mirror[=(push|fetch)]
                          set up remote as a mirror to push to or fetch from

PS D:\CJEF\program\jsProfVladilen> git remote add origin https://github.com/CJEF/jsProfVladilen.git
PS D:\CJEF\program\jsProfVladilen> git add .\destructuring_16.js
PS D:\CJEF\program\jsProfVladilen> git c -m "destructuring in js"
[master (root-commit) 47a1acf] destructuring in js
 1 file changed, 47 insertions(+)
 create mode 100644 destructuring_16.js
PS D:\CJEF\program\jsProfVladilen> git p
fatal: The current branch master has no upstream branch.
To push the current branch and set the remote as upstream, use

    git push --set-upstream origin master

PS D:\CJEF\program\jsProfVladilen> git push --set-upstream origin master
To https://github.com/CJEF/jsProfVladilen.git
 ! [rejected]        master -> master (fetch first)
error: failed to push some refs to 'https://github.com/CJEF/jsProfVladilen.git'
hint: Updates were rejected because the remote contains work that you do


















PS D:\CJEF\program\jsProfVladilen> git add destructuring_16.js
PS D:\CJEF\program\jsProfVladilen> git br
* master
PS D:\CJEF\program\jsProfVladilen> git c -m "destructuring in js"
On branch master
Untracked files:
  (use "git add <file>..." to include in what will be committed)
        index.html
        map_13.js
        restSpread_15.html
        restSpread_15.js
        set_13.js
        weakmap_13.js
        weakset_13.js

nothing added to commit but untracked files present (use "git add" to track)
PS D:\CJEF\program\jsProfVladilen> git c -m "destructuring in js"
On branch master
Changes not staged for commit:
  (use "git add <file>..." to update what will be committed)
  (use "git restore <file>..." to discard changes in working directory)
        modified:   destructuring_16.js

Untracked files:
  (use "git add <file>..." to include in what will be committed)
        index.html
        map_13.js
        restSpread_15.html
        restSpread_15.js
        set_13.js
        weakmap_13.js
        weakset_13.js

no changes added to commit (use "git add" and/or "git commit -a")
PS D:\CJEF\program\jsProfVladilen> git add destructuring_16.js
PS D:\CJEF\program\jsProfVladilen> git c -m "destructuring in js"
[master 2bfcf63] destructuring in js
 1 file changed, 1 insertion(+), 1 deletion(-)
PS D:\CJEF\program\jsProfVladilen> git push
fatal: The current branch master has no upstream branch.
To push the current branch and set the remote as upstream, use

    git push --set-upstream origin master

PS D:\CJEF\program\jsProfVladilen>  git push --set-upstream origin master
To https://github.com/CJEF/jsProfVladilen.git
 ! [rejected]        master -> master (fetch first)
error: failed to push some refs to 'https://github.com/CJEF/jsProfVladilen.git'
hint: Updates were rejected because the remote contains work that you do
hint: not have locally. This is usually caused by another repository pushing
hint: to the same ref. You may want to first integrate the remote changes
hint: (e.g., 'git pull ...') before pushing again.
hint: See the 'Note about fast-forwards' in 'git push --help' for details.
PS D:\CJEF\program\jsProfVladilen> git push origin master
To https://github.com/CJEF/jsProfVladilen.git
 ! [rejected]        master -> master (fetch first)
error: failed to push some refs to 'https://github.com/CJEF/jsProfVladilen.git'
hint: Updates were rejected because the remote contains work that you do
hint: not have locally. This is usually caused by another repository pushing
hint: to the same ref. You may want to first integrate the remote changes
hint: (e.g., 'git pull ...') before pushing again.
hint: See the 'Note about fast-forwards' in 'git push --help' for details.
PS D:\CJEF\program\jsProfVladilen> git push origin
fatal: The current branch master has no upstream branch.
To push the current branch and set the remote as upstream, use

    git push --set-upstream origin master

PS D:\CJEF\program\jsProfVladilen> git pull










warning: no common commits
remote: Enumerating objects: 39, done.
remote: Counting objects: 100% (39/39), done.
remote: Compressing objects: 100% (38/38), done.
remote: Total 39 (delta 9), reused 0 (delta 0), pack-reused 0
Unpacking objects: 100% (39/39), 17.18 KiB | 7.00 KiB/s, done.
From https://github.com/CJEF/jsProfVladilen
 * [new branch]      master     -> origin/master
There is no tracking information for the current branch.
Please specify which branch you want to merge with.
See git-pull(1) for details.

    git pull <remote> <branch>

If you wish to set tracking information for this branch you can do so with:

    git branch --set-upstream-to=origin/<branch> master

PS D:\CJEF\program\jsProfVladilen> git fetch
PS D:\CJEF\program\jsProfVladilen> git merge
fatal: No remote for the current branch.
PS D:\CJEF\program\jsProfVladilen> git p
fatal: The current branch master has no upstream branch.
To push the current branch and set the remote as upstream, use

    git push --set-upstream origin master

PS D:\CJEF\program\jsProfVladilen> git push --set-upstream origin master
To https://github.com/CJEF/jsProfVladilen.git
 ! [rejected]        master -> master (non-fast-forward)
error: failed to push some refs to 'https://github.com/CJEF/jsProfVladilen.git'
hint: Updates were rejected because the tip of your current branch is behind
hint: its remote counterpart. Integrate the remote changes (e.g.
hint: 'git pull ...') before pushing again.
hint: See the 'Note about fast-forwards' in 'git push --help' for details.
PS D:\CJEF\program\jsProfVladilen> git push --force origin master
Enumerating objects: 6, done.
Counting objects: 100% (6/6), done.
Delta compression using up to 8 threads
Compressing objects: 100% (4/4), done.
Writing objects: 100% (6/6), 1.26 KiB | 644.00 KiB/s, done.
Total 6 (delta 1), reused 0 (delta 0), pack-reused 0
remote: Resolving deltas: 100% (1/1), done.
To https://github.com/CJEF/jsProfVladilen.git
 + 79ceff1...2bfcf63 master -> master (forced update)
PS D:\CJEF\program\jsProfVladilen> git l
* 2bfcf63 (HEAD -> master, origin/master) destructuring in js
* 47a1acf destructuring in js
PS D:\CJEF\program\jsProfVladilen> git reset --soft HEAD^1
PS D:\CJEF\program\jsProfVladilen> GIT l
* 2bfcf63 (origin/master) destructuring in js
* 47a1acf (HEAD -> master) destructuring in js
PS D:\CJEF\program\jsProfVladilen> git reset
Unstaged changes after reset:
M       destructuring_16.js
PS D:\CJEF\program\jsProfVladilen> git reset --hard HEAD^1
fatal: ambiguous argument 'HEAD^1': unknown revision or path not in the working tree.
Use '--' to separate paths from revisions, like this:
'git <command> [<revision>...] -- [<file>...]'
PS D:\CJEF\program\jsProfVladilen> git fsck
Checking object directories: 100% (256/256), done.
PS D:\CJEF\program\jsProfVladilen> git reset --hard Origin/master@{1}
error: unknown switch `e'
usage: git reset [--mixed | --soft | --hard | --merge | --keep] [-q] [<commit>]
   or: git reset [-q] [<tree-ish>] [--] <pathspec>...
   or: git reset [-q] [--pathspec-from-file [--pathspec-file-nul]] [<tree-ish>]
   or: git reset --patch [<tree-ish>] [--] [<pathspec>...]
   or: DEPRECATED: git reset [-q] [--stdin [-z]] [<tree-ish>]

    -q, --quiet           be quiet, only report errors
    --mixed               reset HEAD and index
    --soft                reset only HEAD
    --hard                reset HEAD, index and working tree
    --merge               reset HEAD, index and working tree
    --keep                reset HEAD but keep local changes
    --recurse-submodules[=<reset>]
                          control recursive updating of submodules
    -p, --patch           select hunks interactively
    -N, --intent-to-add   record only the fact that removed paths will be added later
    --pathspec-from-file <file>
                          read pathspec from file
    --pathspec-file-nul   with --pathspec-from-file, pathspec elements are separated with NUL character
    -z                    DEPRECATED (use --pathspec-file-nul instead): paths are separated with NUL character
    --stdin               DEPRECATED (use --pathspec-from-file=- instead): read paths from <stdin>

PS D:\CJEF\program\jsProfVladilen>

function calcValues(a, b) {
    return [
        a + b,
        undefined, 
        a * b,
        a / b
    ]
}
const [sum, sub = 'Вычетания нет'/* если перемнная не исполььзуется можно ее удлаить и оставить пустое место, а так же переменной по дефолту присвоить значение */, mult, ...other] = calcValues(42, 10); // 52 32 и так тоже работает
// const result = calcValues(42, 10);
// const sum = result = [0]
// const sub = result[1] // деструктурищация ниже используется для того чтобы сократить код и передать данные сразу в переменные, не указывая индекс массива как в данном случае

// const [sum, sub] = result // как вариант

console.log(sum, mult, other, sub); // 52 420 [4.2] - other(a/b), sub - undefined // некоторые элементы моожно игнорировать

// OBjects
const person = {
   name: 'CJ',
   age: 18,
   address: {
       country: 'Russia',
    //    city: 'Moscow'
   } 
}
// const name = person.name
const {
    name: firstName = 'noName', 
    age, 
    car = 'undefined Машины нет',
    address: {city: homeTown = 'Karaganda', country}
    } = person
console.log(firstName, age, car, address = homeTown, country); // CJ 18 undefined Машины нет Karaganda Russia

// practice

// function logPerson(per) {
//     console.log(per.name + " " + per.age);
// }

// logPerson(person) // CJ 18

function logPerson({name: firstName = 'первоеИмя', age}) {
    console.log (firstName + " " + age);
}
logPerson(person)


PS D:\CJEF\program\jsProfVladilen> git reset --hard 79ceff1





HEAD is now at 79ceff1 operators rest and spread